2026-05-16 16:39:28 | INFO | backend.api.main - 🚀 AI Currency Detection & Voice Assistant v2.0.0 starting on device=cpu
2026-05-16 16:39:28 | INFO | backend.detection.detect_image - YOLO model loaded from 'models/checkpoints/best.pt' on device='cpu'
2026-05-16 16:39:28 | INFO | backend.api.main - ✅ Model pre-loaded successfully.
2026-05-16 16:39:31 | INFO | backend.api.main - GET /api/v1/ping → 200 (0.5ms)
2026-05-16 16:39:46 | INFO | backend.api.main - GET /api/v1/ping → 200 (0.4ms)
2026-05-16 16:39:54 | INFO | backend.api.main - GET /api/v1/ping → 200 (0.3ms)
2026-05-16 16:39:54 | INFO | backend.api.main - POST /api/v1/detection/image → 200 (264.6ms)
2026-05-16 16:39:55 | INFO | backend.api.main - POST /api/v1/tts/speak → 200 (637.1ms)
2026-05-16 16:39:55 | INFO | backend.services.currency_service - Exchange rates refreshed for base=INR
2026-05-16 16:39:55 | INFO | backend.api.main - POST /api/v1/conversion/convert-all → 200 (288.3ms)
2026-05-16 16:40:01 | INFO | backend.api.main - GET /api/v1/ping → 200 (0.3ms)
2026-05-16 16:40:01 | INFO | backend.api.main - GET /api/v1/ping → 200 (0.4ms)
2026-05-16 16:40:05 | INFO | backend.api.main - GET /api/v1/ping → 200 (0.3ms)
2026-05-16 16:40:06 | INFO | backend.api.main - POST /api/v1/detection/image → 200 (260.8ms)
2026-05-16 16:40:07 | INFO | backend.api.main - POST /api/v1/tts/speak → 200 (876.3ms)
2026-05-16 16:40:07 | INFO | backend.api.main - POST /api/v1/conversion/convert-all → 200 (1.1ms)
2026-05-16 16:40:14 | INFO | backend.api.main - GET /api/v1/ping → 200 (0.3ms)
2026-05-16 16:40:20 | INFO | backend.api.main - GET /api/v1/ping → 200 (0.4ms)
2026-05-16 16:40:21 | INFO | backend.api.main - GET /api/v1/ping → 200 (0.8ms)
2026-05-16 16:40:22 | INFO | backend.api.main - POST /api/v1/detection/batch → 200 (430.8ms)
2026-05-16 16:40:23 | INFO | backend.api.main - POST /api/v1/tts/speak → 200 (966.4ms)
2026-05-16 16:40:23 | INFO | backend.api.main - POST /api/v1/conversion/convert-all → 200 (1.2ms)
2026-05-16 16:40:31 | INFO | backend.api.main - GET /api/v1/ping → 200 (0.2ms)
2026-05-16 16:40:37 | INFO | backend.api.main - GET /api/v1/ping → 200 (0.7ms)
2026-05-16 16:40:48 | INFO | backend.api.main - GET /api/v1/ping → 200 (0.6ms)
2026-05-16 16:40:48 | INFO | backend.api.main - POST /api/v1/detection/image → 200 (272.5ms)
2026-05-16 16:40:49 | INFO | backend.api.main - POST /api/v1/tts/speak → 200 (865.5ms)
2026-05-16 16:40:49 | INFO | backend.api.main - POST /api/v1/conversion/convert-all → 200 (0.7ms)
2026-05-16 16:40:54 | INFO | backend.api.main - GET /api/v1/ping → 200 (0.4ms)
2026-05-16 16:40:58 | INFO | backend.api.main - GET /api/v1/ping → 200 (0.4ms)
2026-05-16 16:40:59 | INFO | backend.api.main - POST /api/v1/detection/image → 200 (264.8ms)
2026-05-16 16:41:00 | INFO | backend.api.main - POST /api/v1/tts/speak → 200 (902.8ms)
2026-05-16 16:41:00 | INFO | backend.api.main - POST /api/v1/conversion/convert-all → 200 (0.7ms)
2026-05-16 16:41:01 | INFO | backend.api.main - GET /api/v1/ping → 200 (0.2ms)
2026-05-16 16:41:27 | INFO | backend.api.main - GET /api/v1/ping → 200 (0.4ms)
2026-05-16 16:41:31 | INFO | backend.api.main - GET /api/v1/ping → 200 (0.2ms)
2026-05-16 16:41:31 | INFO | backend.api.main - GET /api/v1/ping → 200 (0.4ms)
2026-05-16 16:41:31 | INFO | backend.api.main - POST /api/v1/detection/image → 200 (265.4ms)
2026-05-16 16:41:32 | INFO | backend.api.main - POST /api/v1/tts/speak → 200 (629.1ms)
2026-05-16 16:41:32 | INFO | backend.api.main - POST /api/v1/conversion/convert-all → 200 (0.9ms)
2026-05-16 16:41:40 | INFO | backend.api.main - GET /api/v1/ping → 200 (0.4ms)
2026-05-16 16:41:41 | INFO | backend.api.main - POST /api/v1/detection/image → 200 (251.9ms)
2026-05-16 16:41:41 | INFO | backend.api.main - POST /api/v1/tts/speak → 200 (811.3ms)
2026-05-16 16:41:41 | INFO | backend.api.main - POST /api/v1/conversion/convert-all → 200 (1.2ms)
2026-05-16 16:41:57 | INFO | backend.api.main - GET /api/v1/ping → 200 (0.8ms)
2026-05-16 16:42:01 | INFO | backend.api.main - GET /api/v1/ping → 200 (0.3ms)
2026-05-16 16:42:03 | INFO | backend.api.main - GET /api/v1/ping → 200 (0.5ms)
2026-05-16 16:42:03 | INFO | backend.api.main - POST /api/v1/conversion/convert-all → 200 (1.4ms)
2026-05-16 16:42:08 | INFO | backend.api.main - GET /api/v1/ping → 200 (0.9ms)
2026-05-16 16:42:08 | INFO | backend.api.main - GET /api/v1/analytics/stats → 200 (1.0ms)
2026-05-16 16:42:08 | INFO | backend.api.main - GET /api/v1/analytics/history → 200 (0.8ms)
2026-05-16 16:42:08 | INFO | backend.api.main - GET /api/v1/analytics/export/csv → 200 (1.1ms)
2026-05-16 16:42:18 | INFO | backend.api.main - GET /api/v1/ping → 200 (0.5ms)
2026-05-16 16:42:18 | INFO | backend.api.main - GET /api/v1/health → 200 (102.5ms)
2026-05-16 16:42:18 | INFO | backend.api.main - GET /api/v1/detection/info → 200 (0.8ms)
2026-05-16 16:42:31 | INFO | backend.api.main - GET /api/v1/ping → 200 (0.4ms)
2026-05-16 16:42:31 | INFO | backend.api.main - GET /api/v1/ping → 200 (0.2ms)
2026-05-16 16:42:33 | INFO | backend.api.main - GET /api/v1/ping → 200 (0.4ms)
2026-05-16 16:42:35 | INFO | backend.api.main - GET /api/v1/ping → 200 (0.4ms)
2026-05-16 16:42:43 | INFO | backend.api.main - GET /api/v1/ping → 200 (0.6ms)
2026-05-16 16:42:58 | INFO | backend.api.main - GET /api/v1/ping → 200 (0.4ms)
2026-05-16 16:43:01 | INFO | backend.api.main - GET /api/v1/ping → 200 (0.3ms)
2026-05-16 16:43:03 | INFO | backend.api.main - GET /api/v1/ping → 200 (0.2ms)
2026-05-16 16:43:04 | INFO | backend.api.main - POST /api/v1/detection/image → 200 (260.9ms)
2026-05-16 16:43:04 | INFO | backend.api.main - POST /api/v1/tts/speak → 200 (663.0ms)
2026-05-16 16:43:04 | INFO | backend.api.main - POST /api/v1/conversion/convert-all → 200 (0.8ms)
2026-05-17 05:29:06 | INFO | backend.api.main - 🚀 AI Currency Detection & Voice Assistant v2.0.0 starting on device=cpu
2026-05-17 05:29:06 | INFO | backend.detection.detect_image - YOLO model loaded from 'models/checkpoints/best.pt' on device='cpu'
2026-05-17 05:29:06 | INFO | backend.api.main - ✅ Model pre-loaded successfully.
2026-05-17 05:29:07 | INFO | backend.api.main - GET /api/v1/ping → 200 (0.3ms)
2026-05-17 05:29:13 | INFO | backend.api.main - GET /api/v1/ping → 200 (0.2ms)
2026-05-17 05:29:22 | INFO | backend.api.main - GET /api/v1/ping → 200 (0.2ms)
2026-05-17 05:29:37 | INFO | backend.api.main - GET /api/v1/ping → 200 (0.4ms)
2026-05-17 05:30:07 | INFO | backend.api.main - GET /api/v1/ping → 200 (0.2ms)
2026-05-17 05:30:07 | INFO | backend.api.main - GET /api/v1/ping → 200 (0.2ms)
2026-05-17 05:30:08 | INFO | backend.api.main - GET /api/v1/ping → 200 (0.2ms)
2026-05-17 05:30:14 | INFO | backend.api.main - GET /api/v1/ping → 200 (0.4ms)
2026-05-17 05:30:15 | INFO | backend.api.main - POST /api/v1/detection/image → 200 (337.3ms)
2026-05-17 05:30:16 | INFO | backend.api.main - POST /api/v1/tts/speak → 200 (906.4ms)
2026-05-17 05:30:16 | INFO | backend.services.currency_service - Exchange rates refreshed for base=INR
2026-05-17 05:30:16 | INFO | backend.api.main - POST /api/v1/conversion/convert-all → 200 (278.7ms)
2026-05-17 05:30:28 | INFO | backend.api.main - GET /api/v1/ping → 200 (0.5ms)
2026-05-17 05:30:33 | INFO | backend.api.main - GET /api/v1/ping → 200 (0.3ms)
2026-05-17 05:30:33 | INFO | backend.api.main - POST /api/v1/detection/image → 200 (271.1ms)
2026-05-17 05:30:34 | INFO | backend.api.main - POST /api/v1/tts/speak → 200 (896.6ms)
2026-05-17 05:30:34 | INFO | backend.api.main - POST /api/v1/conversion/convert-all → 200 (1.0ms)
2026-05-17 05:30:37 | INFO | backend.api.main - GET /api/v1/ping → 200 (0.3ms)
2026-05-17 05:30:49 | INFO | backend.api.main - GET /api/v1/ping → 200 (2.8ms)
2026-05-17 05:30:54 | INFO | backend.api.main - GET /api/v1/ping → 200 (0.2ms)
2026-05-17 05:30:55 | INFO | backend.api.main - POST /api/v1/detection/image → 200 (512.1ms)
2026-05-17 05:30:56 | INFO | backend.api.main - POST /api/v1/tts/speak → 200 (1107.4ms)
2026-05-17 05:30:56 | INFO | backend.api.main - POST /api/v1/conversion/convert-all → 200 (1.5ms)
2026-05-17 05:31:04 | INFO | backend.api.main - GET /api/v1/ping → 200 (0.7ms)
2026-05-17 05:31:07 | INFO | backend.api.main - GET /api/v1/ping → 200 (0.3ms)
2026-05-17 05:31:14 | INFO | backend.api.main - GET /api/v1/ping → 200 (0.3ms)
2026-05-17 05:31:16 | INFO | backend.api.main - GET /api/v1/ping → 200 (0.7ms)
2026-05-17 05:31:16 | INFO | backend.api.main - POST /api/v1/detection/batch → 200 (831.4ms)
2026-05-17 05:31:18 | INFO | backend.api.main - POST /api/v1/tts/speak → 200 (1423.3ms)
2026-05-17 05:31:18 | INFO | backend.api.main - POST /api/v1/conversion/convert-all → 200 (1.6ms)
2026-05-17 05:31:32 | INFO | backend.api.main - GET /api/v1/ping → 200 (0.3ms)
2026-05-17 05:31:37 | INFO | backend.api.main - GET /api/v1/ping → 200 (0.5ms)
2026-05-17 05:31:37 | INFO | backend.api.main - GET /api/v1/ping → 200 (0.3ms)
2026-05-17 05:31:38 | INFO | backend.api.main - GET /api/v1/ping → 200 (0.6ms)
2026-05-17 05:31:43 | INFO | backend.api.main - GET /api/v1/ping → 200 (0.3ms)
2026-05-17 05:31:44 | INFO | backend.api.main - GET /api/v1/ping → 200 (1.0ms)
2026-05-17 05:31:45 | INFO | backend.api.main - POST /api/v1/detection/batch → 200 (427.6ms)
2026-05-17 05:31:46 | INFO | backend.api.main - POST /api/v1/tts/speak → 200 (1050.7ms)
2026-05-17 05:31:46 | INFO | backend.api.main - POST /api/v1/conversion/convert-all → 200 (1.3ms)
2026-05-17 05:31:55 | INFO | backend.api.main - GET /api/v1/ping → 200 (0.9ms)
2026-05-17 05:32:08 | INFO | backend.api.main - GET /api/v1/ping → 200 (0.2ms)
2026-05-17 05:32:09 | INFO | backend.api.main - GET /api/v1/ping → 200 (0.2ms)
2026-05-17 05:32:09 | INFO | backend.api.main - POST /api/v1/detection/image → 200 (274.7ms)
2026-05-17 05:32:10 | INFO | backend.api.main - POST /api/v1/tts/speak → 200 (633.6ms)
2026-05-17 05:32:10 | INFO | backend.api.main - POST /api/v1/conversion/convert-all → 200 (0.9ms)
2026-05-17 05:32:21 | INFO | backend.api.main - GET /api/v1/ping → 200 (0.4ms)
2026-05-17 05:32:25 | INFO | backend.api.main - GET /api/v1/ping → 200 (0.4ms)
2026-05-17 05:32:25 | INFO | backend.api.main - POST /api/v1/detection/image → 200 (263.3ms)
2026-05-17 05:32:26 | INFO | backend.api.main - POST /api/v1/tts/speak → 200 (768.2ms)
2026-05-17 05:32:26 | INFO | backend.api.main - POST /api/v1/conversion/convert-all → 200 (1.0ms)
2026-05-17 05:32:34 | INFO | backend.api.main - GET /api/v1/ping → 200 (0.5ms)
2026-05-17 05:32:38 | INFO | backend.api.main - GET /api/v1/ping → 200 (0.2ms)
2026-05-17 05:32:38 | INFO | backend.api.main - GET /api/v1/ping → 200 (0.4ms)
2026-05-17 05:32:39 | INFO | backend.api.main - POST /api/v1/detection/image → 200 (261.1ms)
2026-05-17 05:32:40 | INFO | backend.api.main - POST /api/v1/tts/speak → 200 (889.0ms)
2026-05-17 05:32:40 | INFO | backend.api.main - POST /api/v1/conversion/convert-all → 200 (0.7ms)
2026-05-17 05:32:47 | INFO | backend.api.main - GET /api/v1/ping → 200 (0.4ms)
2026-05-17 05:32:52 | INFO | backend.api.main - GET /api/v1/ping → 200 (0.3ms)
2026-05-17 05:32:52 | INFO | backend.api.main - POST /api/v1/detection/image → 200 (264.6ms)
2026-05-17 05:32:53 | INFO | backend.api.main - POST /api/v1/tts/speak → 200 (865.3ms)
2026-05-17 05:32:53 | INFO | backend.api.main - POST /api/v1/conversion/convert-all → 200 (0.7ms)
2026-05-17 05:33:03 | INFO | backend.api.main - GET /api/v1/ping → 200 (0.6ms)
2026-05-17 05:33:04 | INFO | backend.api.main - GET /api/v1/ping → 200 (0.4ms)
2026-05-17 05:33:04 | INFO | backend.api.main - POST /api/v1/conversion/convert-all → 200 (1.4ms)
2026-05-17 05:33:07 | INFO | backend.api.main - GET /api/v1/ping → 200 (0.7ms)
2026-05-17 05:33:07 | INFO | backend.api.main - GET /api/v1/conversion/convert → 200 (0.8ms)
2026-05-17 05:33:08 | INFO | backend.api.main - GET /api/v1/ping → 200 (0.4ms)
2026-05-17 05:33:10 | INFO | backend.api.main - GET /api/v1/ping → 200 (0.4ms)
2026-05-17 05:33:10 | INFO | backend.api.main - GET /api/v1/analytics/stats → 200 (0.9ms)
2026-05-17 05:33:10 | INFO | backend.api.main - GET /api/v1/analytics/history → 200 (1.4ms)
2026-05-17 05:33:10 | INFO | backend.api.main - GET /api/v1/analytics/export/csv → 200 (0.3ms)
2026-05-17 05:33:38 | INFO | backend.api.main - GET /api/v1/ping → 200 (0.3ms)
2026-05-17 05:33:48 | INFO | backend.api.main - GET /api/v1/ping → 200 (0.5ms)
2026-05-17 05:33:48 | INFO | backend.api.main - GET /api/v1/health → 200 (102.7ms)
2026-05-17 05:33:48 | INFO | backend.api.main - GET /api/v1/detection/info → 200 (0.7ms)
2026-05-17 05:34:08 | INFO | backend.api.main - GET /api/v1/ping → 200 (0.3ms)
2026-05-17 05:34:38 | INFO | backend.api.main - GET /api/v1/ping → 200 (0.2ms)
2026-05-17 05:35:08 | INFO | backend.api.main - GET /api/v1/ping → 200 (0.3ms)
2026-05-17 05:35:38 | INFO | backend.api.main - GET /api/v1/ping → 200 (0.2ms)
2026-05-17 05:36:08 | INFO | backend.api.main - GET /api/v1/ping → 200 (0.2ms)
2026-05-17 05:36:38 | INFO | backend.api.main - GET /api/v1/ping → 200 (0.2ms)
2026-05-17 05:37:08 | INFO | backend.api.main - GET /api/v1/ping → 200 (0.4ms)
2026-05-17 05:37:38 | INFO | backend.api.main - GET /api/v1/ping → 200 (0.2ms)
2026-05-17 05:38:08 | INFO | backend.api.main - GET /api/v1/ping → 200 (0.2ms)
2026-05-17 05:38:38 | INFO | backend.api.main - GET /api/v1/ping → 200 (0.2ms)
2026-05-17 05:39:08 | INFO | backend.api.main - GET /api/v1/ping → 200 (0.3ms)
2026-05-17 05:39:38 | INFO | backend.api.main - GET /api/v1/ping → 200 (0.2ms)
2026-05-17 07:09:00 | INFO | backend.api.main - GET /api/v1/ping → 200 (0.2ms)
2026-05-17 08:30:11 | INFO | backend.api.main - GET /api/v1/ping → 200 (0.4ms)
2026-05-17 09:42:43 | INFO | backend.api.main - GET /api/v1/ping → 200 (0.3ms)
2026-05-17 10:58:56 | INFO | backend.api.main - GET /api/v1/ping → 200 (0.3ms)
2026-05-17 12:01:26 | INFO | backend.api.main - GET /api/v1/ping → 200 (0.2ms)
2026-05-17 13:35:21 | INFO | backend.api.main - GET /api/v1/ping → 200 (0.4ms)
2026-05-17 14:19:16 | INFO | backend.api.main - GET /api/v1/ping → 200 (0.3ms)
2026-05-17 15:37:46 | INFO | backend.api.main - GET /api/v1/ping → 200 (0.3ms)
2026-05-17 16:49:42 | INFO | backend.api.main - GET /api/v1/ping → 200 (0.2ms)
2026-05-17 18:06:29 | INFO | backend.api.main - GET /api/v1/ping → 200 (0.6ms)
2026-05-17 19:25:18 | INFO | backend.api.main - GET /api/v1/ping → 200 (0.2ms)
2026-05-17 21:04:05 | INFO | backend.api.main - GET /api/v1/ping → 200 (0.3ms)
2026-05-17 22:23:19 | INFO | backend.api.main - GET /api/v1/ping → 200 (0.4ms)
2026-05-17 23:33:53 | INFO | backend.api.main - GET /api/v1/ping → 200 (0.2ms)
2026-05-18 00:46:32 | INFO | backend.api.main - GET /api/v1/ping → 200 (0.3ms)
2026-05-18 01:47:36 | INFO | backend.api.main - GET /api/v1/ping → 200 (0.3ms)
2026-05-18 03:04:49 | INFO | backend.api.main - GET /api/v1/ping → 200 (0.4ms)
2026-05-18 04:21:27 | INFO | backend.api.main - GET /api/v1/ping → 200 (0.2ms)
2026-05-18 05:39:43 | INFO | backend.api.main - GET /api/v1/ping → 200 (0.2ms)
2026-05-18 06:20:35 | INFO | backend.api.main - GET /api/v1/ping → 200 (0.2ms)
2026-05-18 07:53:32 | INFO | backend.api.main - GET /api/v1/ping → 200 (0.3ms)
2026-05-18 08:54:37 | INFO | backend.api.main - GET /api/v1/ping → 200 (0.2ms)
2026-05-18 10:12:35 | INFO | backend.api.main - GET /api/v1/ping → 200 (0.4ms)
2026-05-18 11:28:02 | INFO | backend.api.main - GET /api/v1/ping → 200 (0.3ms)
2026-05-18 12:14:57 | INFO | backend.api.main - GET /api/v1/ping → 200 (0.5ms)
2026-05-18 13:30:38 | INFO | backend.api.main - GET /api/v1/ping → 200 (0.3ms)
2026-05-18 14:32:59 | INFO | backend.api.main - GET /api/v1/ping → 200 (0.2ms)
2026-05-18 15:18:41 | INFO | backend.api.main - GET /api/v1/ping → 200 (0.2ms)
2026-05-18 15:36:21 | INFO | backend.api.main - GET /api/v1/ping → 200 (0.2ms)
2026-05-18 16:01:50 | INFO | backend.api.main - GET /api/v1/ping → 200 (0.2ms)
2026-05-18 16:51:39 | INFO | backend.api.main - GET /api/v1/ping → 200 (0.2ms)
2026-05-18 18:03:32 | INFO | backend.api.main - GET /api/v1/ping → 200 (0.4ms)
2026-05-18 19:04:37 | INFO | backend.api.main - GET /api/v1/ping → 200 (0.2ms)
2026-05-18 20:30:38 | INFO | backend.api.main - GET /api/v1/ping → 200 (0.2ms)
2026-05-18 21:51:54 | INFO | backend.api.main - GET /api/v1/ping → 200 (0.2ms)
2026-05-18 23:01:22 | INFO | backend.api.main - GET /api/v1/ping → 200 (0.3ms)
2026-05-19 00:07:33 | INFO | backend.api.main - GET /api/v1/ping → 200 (0.2ms)
2026-05-19 00:55:58 | INFO | backend.api.main - GET /api/v1/ping → 200 (0.2ms)
2026-05-19 01:37:33 | INFO | backend.api.main - GET /api/v1/ping → 200 (0.2ms)
2026-05-19 02:20:39 | INFO | backend.api.main - GET /api/v1/ping → 200 (0.3ms)
2026-05-19 03:36:44 | INFO | backend.api.main - GET /api/v1/ping → 200 (0.2ms)
2026-05-19 04:53:25 | INFO | backend.api.main - GET /api/v1/ping → 200 (0.2ms)
2026-05-19 05:37:56 | INFO | backend.api.main - GET /api/v1/ping → 200 (0.4ms)
2026-05-19 05:38:26 | INFO | backend.api.main - GET /api/v1/ping → 200 (0.2ms)
2026-05-19 05:38:56 | INFO | backend.api.main - GET /api/v1/ping → 200 (0.2ms)
2026-05-19 05:39:26 | INFO | backend.api.main - GET /api/v1/ping → 200 (0.4ms)
2026-05-19 05:39:56 | INFO | backend.api.main - GET /api/v1/ping → 200 (0.2ms)
2026-05-19 05:40:26 | INFO | backend.api.main - GET /api/v1/ping → 200 (0.2ms)
2026-05-19 05:40:56 | INFO | backend.api.main - GET /api/v1/ping → 200 (0.3ms)
2026-05-19 05:41:26 | INFO | backend.api.main - GET /api/v1/ping → 200 (0.3ms)
2026-05-19 05:41:56 | INFO | backend.api.main - GET /api/v1/ping → 200 (0.4ms)
2026-05-19 05:42:26 | INFO | backend.api.main - GET /api/v1/ping → 200 (0.2ms)
2026-05-19 05:42:56 | INFO | backend.api.main - GET /api/v1/ping → 200 (0.2ms)
2026-05-19 05:43:26 | INFO | backend.api.main - GET /api/v1/ping → 200 (1.0ms)
2026-05-19 05:43:56 | INFO | backend.api.main - GET /api/v1/ping → 200 (0.4ms)
2026-05-19 05:44:26 | INFO | backend.api.main - GET /api/v1/ping → 200 (0.2ms)
2026-05-19 05:44:57 | INFO | backend.api.main - GET /api/v1/ping → 200 (0.2ms)
2026-05-19 05:45:27 | INFO | backend.api.main - GET /api/v1/ping → 200 (0.4ms)
2026-05-19 05:45:57 | INFO | backend.api.main - GET /api/v1/ping → 200 (0.3ms)
2026-05-19 05:46:27 | INFO | backend.api.main - GET /api/v1/ping → 200 (0.4ms)
2026-05-19 05:46:57 | INFO | backend.api.main - GET /api/v1/ping → 200 (0.4ms)
2026-05-19 05:47:27 | INFO | backend.api.main - GET /api/v1/ping → 200 (0.4ms)
2026-05-19 05:47:57 | INFO | backend.api.main - GET /api/v1/ping → 200 (0.4ms)
2026-05-19 05:48:27 | INFO | backend.api.main - GET /api/v1/ping → 200 (0.3ms)
2026-05-19 05:48:57 | INFO | backend.api.main - GET /api/v1/ping → 200 (0.2ms)
2026-05-19 05:49:27 | INFO | backend.api.main - GET /api/v1/ping → 200 (0.4ms)
2026-05-19 05:49:57 | INFO | backend.api.main - GET /api/v1/ping → 200 (0.4ms)
2026-05-19 05:50:27 | INFO | backend.api.main - GET /api/v1/ping → 200 (0.2ms)
2026-05-19 05:50:57 | INFO | backend.api.main - GET /api/v1/ping → 200 (0.4ms)
2026-05-19 05:51:27 | INFO | backend.api.main - GET /api/v1/ping → 200 (0.2ms)
2026-05-19 05:51:58 | INFO | backend.api.main - GET /api/v1/ping → 200 (0.2ms)
2026-05-19 05:52:28 | INFO | backend.api.main - GET /api/v1/ping → 200 (0.2ms)
2026-05-19 05:52:58 | INFO | backend.api.main - GET /api/v1/ping → 200 (0.2ms)
2026-05-19 05:53:28 | INFO | backend.api.main - GET /api/v1/ping → 200 (0.3ms)
2026-05-19 05:53:58 | INFO | backend.api.main - GET /api/v1/ping → 200 (0.2ms)
2026-05-19 05:54:28 | INFO | backend.api.main - GET /api/v1/ping → 200 (0.6ms)
2026-05-19 05:54:58 | INFO | backend.api.main - GET /api/v1/ping → 200 (0.2ms)
2026-05-19 05:55:28 | INFO | backend.api.main - GET /api/v1/ping → 200 (0.3ms)
2026-05-19 05:55:58 | INFO | backend.api.main - GET /api/v1/ping → 200 (0.3ms)
2026-05-19 05:56:28 | INFO | backend.api.main - GET /api/v1/ping → 200 (0.4ms)
2026-05-19 05:56:58 | INFO | backend.api.main - GET /api/v1/ping → 200 (0.3ms)
2026-05-19 05:57:28 | INFO | backend.api.main - GET /api/v1/ping → 200 (0.2ms)
2026-05-19 05:57:58 | INFO | backend.api.main - GET /api/v1/ping → 200 (0.3ms)
2026-05-19 05:58:28 | INFO | backend.api.main - GET /api/v1/ping → 200 (0.2ms)
2026-05-19 05:58:59 | INFO | backend.api.main - GET /api/v1/ping → 200 (0.2ms)
2026-05-19 05:59:29 | INFO | backend.api.main - GET /api/v1/ping → 200 (0.3ms)
2026-05-19 05:59:59 | INFO | backend.api.main - GET /api/v1/ping → 200 (0.3ms)
2026-05-19 06:00:29 | INFO | backend.api.main - GET /api/v1/ping → 200 (0.4ms)
2026-05-19 06:00:59 | INFO | backend.api.main - GET /api/v1/ping → 200 (0.2ms)
2026-05-19 06:01:29 | INFO | backend.api.main - GET /api/v1/ping → 200 (0.3ms)
2026-05-19 06:01:59 | INFO | backend.api.main - GET /api/v1/ping → 200 (0.3ms)
2026-05-19 06:02:29 | INFO | backend.api.main - GET /api/v1/ping → 200 (0.4ms)
2026-05-19 06:02:59 | INFO | backend.api.main - GET /api/v1/ping → 200 (0.4ms)
2026-05-19 06:03:29 | INFO | backend.api.main - GET /api/v1/ping → 200 (0.3ms)
2026-05-19 06:03:59 | INFO | backend.api.main - GET /api/v1/ping → 200 (0.2ms)
2026-05-19 06:04:29 | INFO | backend.api.main - GET /api/v1/ping → 200 (0.3ms)
2026-05-19 06:04:59 | INFO | backend.api.main - GET /api/v1/ping → 200 (0.4ms)
2026-05-19 06:05:29 | INFO | backend.api.main - GET /api/v1/ping → 200 (0.7ms)
2026-05-19 06:05:59 | INFO | backend.api.main - GET /api/v1/ping → 200 (0.2ms)
2026-05-19 06:06:30 | INFO | backend.api.main - GET /api/v1/ping → 200 (0.3ms)
2026-05-19 06:07:00 | INFO | backend.api.main - GET /api/v1/ping → 200 (0.4ms)
2026-05-19 06:07:30 | INFO | backend.api.main - GET /api/v1/ping → 200 (0.3ms)
2026-05-19 06:08:00 | INFO | backend.api.main - GET /api/v1/ping → 200 (0.2ms)
2026-05-19 06:08:30 | INFO | backend.api.main - GET /api/v1/ping → 200 (0.3ms)
2026-05-19 06:09:00 | INFO | backend.api.main - GET /api/v1/ping → 200 (0.2ms)
2026-05-19 06:09:30 | INFO | backend.api.main - GET /api/v1/ping → 200 (0.3ms)
2026-05-19 06:10:00 | INFO | backend.api.main - GET /api/v1/ping → 200 (0.3ms)
2026-05-19 06:10:30 | INFO | backend.api.main - GET /api/v1/ping → 200 (0.4ms)
2026-05-19 06:11:00 | INFO | backend.api.main - GET /api/v1/ping → 200 (0.2ms)
2026-05-19 06:11:30 | INFO | backend.api.main - GET /api/v1/ping → 200 (0.2ms)
2026-05-19 06:12:00 | INFO | backend.api.main - GET /api/v1/ping → 200 (0.4ms)
2026-05-19 06:12:30 | INFO | backend.api.main - GET /api/v1/ping → 200 (0.2ms)
2026-05-19 06:13:00 | INFO | backend.api.main - GET /api/v1/ping → 200 (0.3ms)
2026-05-19 06:13:30 | INFO | backend.api.main - GET /api/v1/ping → 200 (0.3ms)
2026-05-19 06:14:01 | INFO | backend.api.main - GET /api/v1/ping → 200 (0.3ms)
2026-05-19 06:14:31 | INFO | backend.api.main - GET /api/v1/ping → 200 (0.4ms)
2026-05-19 06:15:01 | INFO | backend.api.main - GET /api/v1/ping → 200 (0.2ms)
2026-05-19 06:15:31 | INFO | backend.api.main - GET /api/v1/ping → 200 (0.3ms)
2026-05-19 06:16:01 | INFO | backend.api.main - GET /api/v1/ping → 200 (0.3ms)
2026-05-19 06:16:31 | INFO | backend.api.main - GET /api/v1/ping → 200 (0.5ms)
2026-05-19 06:17:01 | INFO | backend.api.main - GET /api/v1/ping → 200 (0.4ms)
2026-05-19 06:17:31 | INFO | backend.api.main - GET /api/v1/ping → 200 (0.3ms)
2026-05-19 06:18:01 | INFO | backend.api.main - GET /api/v1/ping → 200 (0.3ms)
2026-05-19 06:18:31 | INFO | backend.api.main - GET /api/v1/ping → 200 (0.2ms)
2026-05-19 06:19:01 | INFO | backend.api.main - GET /api/v1/ping → 200 (0.2ms)
2026-05-19 06:19:31 | INFO | backend.api.main - GET /api/v1/ping → 200 (0.3ms)
2026-05-19 06:20:01 | INFO | backend.api.main - GET /api/v1/ping → 200 (0.4ms)
2026-05-19 06:20:32 | INFO | backend.api.main - GET /api/v1/ping → 200 (0.3ms)
2026-05-19 06:21:02 | INFO | backend.api.main - GET /api/v1/ping → 200 (0.4ms)
2026-05-19 06:21:32 | INFO | backend.api.main - GET /api/v1/ping → 200 (0.2ms)
2026-05-19 06:22:02 | INFO | backend.api.main - GET /api/v1/ping → 200 (0.2ms)
2026-05-19 06:22:32 | INFO | backend.api.main - GET /api/v1/ping → 200 (0.4ms)
2026-05-19 06:23:02 | INFO | backend.api.main - GET /api/v1/ping → 200 (0.3ms)
2026-05-19 06:23:32 | INFO | backend.api.main - GET /api/v1/ping → 200 (0.4ms)
2026-05-19 06:24:02 | INFO | backend.api.main - GET /api/v1/ping → 200 (0.2ms)
2026-05-19 06:24:32 | INFO | backend.api.main - GET /api/v1/ping → 200 (0.2ms)
2026-05-19 06:25:02 | INFO | backend.api.main - GET /api/v1/ping → 200 (0.2ms)
2026-05-19 06:25:32 | INFO | backend.api.main - GET /api/v1/ping → 200 (0.2ms)
2026-05-19 06:26:02 | INFO | backend.api.main - GET /api/v1/ping → 200 (0.4ms)
2026-05-19 06:26:32 | INFO | backend.api.main - GET /api/v1/ping → 200 (0.3ms)
2026-05-19 06:27:02 | INFO | backend.api.main - GET /api/v1/ping → 200 (0.2ms)
2026-05-19 06:27:33 | INFO | backend.api.main - GET /api/v1/ping → 200 (0.8ms)
2026-05-19 06:28:03 | INFO | backend.api.main - GET /api/v1/ping → 200 (0.2ms)
2026-05-19 06:28:33 | INFO | backend.api.main - GET /api/v1/ping → 200 (0.3ms)
2026-05-19 06:29:03 | INFO | backend.api.main - GET /api/v1/ping → 200 (0.2ms)
2026-05-19 06:29:33 | INFO | backend.api.main - GET /api/v1/ping → 200 (0.4ms)
2026-05-19 06:30:03 | INFO | backend.api.main - GET /api/v1/ping → 200 (0.4ms)
2026-05-19 06:30:33 | INFO | backend.api.main - GET /api/v1/ping → 200 (0.2ms)
2026-05-19 06:31:03 | INFO | backend.api.main - GET /api/v1/ping → 200 (0.3ms)
2026-05-19 06:31:33 | INFO | backend.api.main - GET /api/v1/ping → 200 (0.3ms)
2026-05-19 06:32:03 | INFO | backend.api.main - GET /api/v1/ping → 200 (0.4ms)
2026-05-19 06:32:33 | INFO | backend.api.main - GET /api/v1/ping → 200 (0.3ms)
2026-05-19 06:33:03 | INFO | backend.api.main - GET /api/v1/ping → 200 (0.4ms)
2026-05-19 06:33:33 | INFO | backend.api.main - GET /api/v1/ping → 200 (0.4ms)
2026-05-19 06:34:03 | INFO | backend.api.main - GET /api/v1/ping → 200 (0.4ms)
2026-05-19 06:34:33 | INFO | backend.api.main - GET /api/v1/ping → 200 (0.4ms)
2026-05-19 06:35:04 | INFO | backend.api.main - GET /api/v1/ping → 200 (0.3ms)
2026-05-19 06:35:34 | INFO | backend.api.main - GET /api/v1/ping → 200 (0.2ms)
2026-05-19 06:36:04 | INFO | backend.api.main - GET /api/v1/ping → 200 (0.4ms)
2026-05-19 06:36:34 | INFO | backend.api.main - GET /api/v1/ping → 200 (0.4ms)
2026-05-19 06:37:04 | INFO | backend.api.main - GET /api/v1/ping → 200 (0.3ms)
2026-05-19 06:37:34 | INFO | backend.api.main - GET /api/v1/ping → 200 (0.2ms)
2026-05-19 06:38:04 | INFO | backend.api.main - GET /api/v1/ping → 200 (0.3ms)
2026-05-19 06:38:34 | INFO | backend.api.main - GET /api/v1/ping → 200 (0.4ms)
2026-05-19 06:39:04 | INFO | backend.api.main - GET /api/v1/ping → 200 (0.4ms)
2026-05-19 06:39:34 | INFO | backend.api.main - GET /api/v1/ping → 200 (0.4ms)
2026-05-19 06:40:04 | INFO | backend.api.main - GET /api/v1/ping → 200 (0.3ms)
2026-05-19 06:40:34 | INFO | backend.api.main - GET /api/v1/ping → 200 (0.2ms)
2026-05-19 06:41:04 | INFO | backend.api.main - GET /api/v1/ping → 200 (0.2ms)
2026-05-19 06:41:34 | INFO | backend.api.main - GET /api/v1/ping → 200 (0.2ms)
2026-05-19 06:42:05 | INFO | backend.api.main - GET /api/v1/ping → 200 (0.3ms)
2026-05-19 06:42:35 | INFO | backend.api.main - GET /api/v1/ping → 200 (0.3ms)
2026-05-19 06:43:05 | INFO | backend.api.main - GET /api/v1/ping → 200 (0.2ms)
2026-05-19 06:43:35 | INFO | backend.api.main - GET /api/v1/ping → 200 (0.2ms)
2026-05-19 06:44:05 | INFO | backend.api.main - GET /api/v1/ping → 200 (0.3ms)
2026-05-19 06:44:35 | INFO | backend.api.main - GET /api/v1/ping → 200 (0.2ms)
2026-05-19 06:45:05 | INFO | backend.api.main - GET /api/v1/ping → 200 (0.2ms)
2026-05-19 06:45:35 | INFO | backend.api.main - GET /api/v1/ping → 200 (0.3ms)
2026-05-19 06:46:05 | INFO | backend.api.main - GET /api/v1/ping → 200 (0.3ms)
2026-05-19 06:46:35 | INFO | backend.api.main - GET /api/v1/ping → 200 (0.2ms)
2026-05-19 06:47:05 | INFO | backend.api.main - GET /api/v1/ping → 200 (0.2ms)
2026-05-19 06:47:35 | INFO | backend.api.main - GET /api/v1/ping → 200 (0.4ms)
2026-05-19 06:48:05 | INFO | backend.api.main - GET /api/v1/ping → 200 (0.3ms)
2026-05-19 06:48:35 | INFO | backend.api.main - GET /api/v1/ping → 200 (0.4ms)
2026-05-19 06:49:05 | INFO | backend.api.main - GET /api/v1/ping → 200 (0.2ms)
2026-05-19 07:04:34 | INFO | backend.api.main - GET /api/v1/ping → 200 (0.8ms)
2026-05-19 07:05:04 | INFO | backend.api.main - GET /api/v1/ping → 200 (0.2ms)
2026-05-19 07:05:34 | INFO | backend.api.main - GET /api/v1/ping → 200 (0.3ms)
2026-05-19 07:06:05 | INFO | backend.api.main - GET /api/v1/ping → 200 (0.2ms)
2026-05-19 07:06:35 | INFO | backend.api.main - GET /api/v1/ping → 200 (0.3ms)
2026-05-19 07:07:05 | INFO | backend.api.main - GET /api/v1/ping → 200 (0.4ms)
2026-05-19 07:07:35 | INFO | backend.api.main - GET /api/v1/ping → 200 (0.2ms)
2026-05-19 07:08:05 | INFO | backend.api.main - GET /api/v1/ping → 200 (0.3ms)
2026-05-19 07:08:35 | INFO | backend.api.main - GET /api/v1/ping → 200 (0.3ms)
2026-05-19 07:09:05 | INFO | backend.api.main - GET /api/v1/ping → 200 (0.2ms)
2026-05-19 07:09:35 | INFO | backend.api.main - GET /api/v1/ping → 200 (0.3ms)
2026-05-19 07:10:05 | INFO | backend.api.main - GET /api/v1/ping → 200 (0.3ms)
2026-05-19 07:10:35 | INFO | backend.api.main - GET /api/v1/ping → 200 (0.2ms)
2026-05-19 07:11:05 | INFO | backend.api.main - GET /api/v1/ping → 200 (0.4ms)
2026-05-19 07:11:35 | INFO | backend.api.main - GET /api/v1/ping → 200 (0.4ms)
2026-05-19 07:12:05 | INFO | backend.api.main - GET /api/v1/ping → 200 (0.2ms)
2026-05-19 07:12:35 | INFO | backend.api.main - GET /api/v1/ping → 200 (0.3ms)
2026-05-19 07:13:06 | INFO | backend.api.main - GET /api/v1/ping → 200 (0.4ms)
2026-05-19 07:13:36 | INFO | backend.api.main - GET /api/v1/ping → 200 (0.2ms)
2026-05-19 07:14:06 | INFO | backend.api.main - GET /api/v1/ping → 200 (0.3ms)
2026-05-19 07:29:34 | INFO | backend.api.main - GET /api/v1/ping → 200 (0.2ms)
2026-05-19 07:30:04 | INFO | backend.api.main - GET /api/v1/ping → 200 (0.2ms)
2026-05-19 07:45:33 | INFO | backend.api.main - GET /api/v1/ping → 200 (0.8ms)
2026-05-19 07:46:03 | INFO | backend.api.main - GET /api/v1/ping → 200 (0.3ms)
2026-05-19 07:54:59 | INFO | backend.api.main - GET /api/v1/ping → 200 (0.4ms)
2026-05-19 07:55:29 | INFO | backend.api.main - GET /api/v1/ping → 200 (0.4ms)
2026-05-19 08:31:26 | INFO | backend.api.main - GET /api/v1/ping → 200 (0.3ms)
2026-05-19 08:31:56 | INFO | backend.api.main - GET /api/v1/ping → 200 (1.0ms)
2026-05-19 08:32:26 | INFO | backend.api.main - GET /api/v1/ping → 200 (0.2ms)
2026-05-19 08:32:56 | INFO | backend.api.main - GET /api/v1/ping → 200 (0.3ms)
2026-05-19 08:33:26 | INFO | backend.api.main - GET /api/v1/ping → 200 (0.2ms)
2026-05-19 08:33:56 | INFO | backend.api.main - GET /api/v1/ping → 200 (0.4ms)
2026-05-19 08:34:26 | INFO | backend.api.main - GET /api/v1/ping → 200 (0.2ms)
2026-05-19 08:34:56 | INFO | backend.api.main - GET /api/v1/ping → 200 (0.2ms)
2026-05-19 08:35:26 | INFO | backend.api.main - GET /api/v1/ping → 200 (0.3ms)
2026-05-19 08:35:56 | INFO | backend.api.main - GET /api/v1/ping → 200 (0.3ms)
2026-05-19 08:36:26 | INFO | backend.api.main - GET /api/v1/ping → 200 (0.4ms)
2026-05-19 08:36:56 | INFO | backend.api.main - GET /api/v1/ping → 200 (0.2ms)
2026-05-19 08:37:27 | INFO | backend.api.main - GET /api/v1/ping → 200 (0.3ms)
2026-05-19 08:37:57 | INFO | backend.api.main - GET /api/v1/ping → 200 (0.2ms)
2026-05-19 08:38:27 | INFO | backend.api.main - GET /api/v1/ping → 200 (0.3ms)
2026-05-19 08:38:57 | INFO | backend.api.main - GET /api/v1/ping → 200 (0.4ms)
2026-05-19 08:39:27 | INFO | backend.api.main - GET /api/v1/ping → 200 (0.4ms)
2026-05-19 08:39:57 | INFO | backend.api.main - GET /api/v1/ping → 200 (0.2ms)
2026-05-19 08:40:27 | INFO | backend.api.main - GET /api/v1/ping → 200 (0.8ms)
2026-05-19 08:40:57 | INFO | backend.api.main - GET /api/v1/ping → 200 (0.4ms)
2026-05-19 08:41:27 | INFO | backend.api.main - GET /api/v1/ping → 200 (0.3ms)
2026-05-19 08:41:57 | INFO | backend.api.main - GET /api/v1/ping → 200 (0.3ms)
2026-05-19 08:42:27 | INFO | backend.api.main - GET /api/v1/ping → 200 (0.3ms)
2026-05-19 08:42:57 | INFO | backend.api.main - GET /api/v1/ping → 200 (0.3ms)
2026-05-19 08:43:27 | INFO | backend.api.main - GET /api/v1/ping → 200 (0.2ms)
2026-05-19 08:43:57 | INFO | backend.api.main - GET /api/v1/ping → 200 (0.3ms)
2026-05-19 08:44:27 | INFO | backend.api.main - GET /api/v1/ping → 200 (0.2ms)
2026-05-19 08:44:58 | INFO | backend.api.main - GET /api/v1/ping → 200 (0.2ms)
2026-05-19 08:45:28 | INFO | backend.api.main - GET /api/v1/ping → 200 (0.4ms)
2026-05-19 08:45:58 | INFO | backend.api.main - GET /api/v1/ping → 200 (0.2ms)
2026-05-19 08:46:28 | INFO | backend.api.main - GET /api/v1/ping → 200 (0.2ms)
2026-05-19 08:46:58 | INFO | backend.api.main - GET /api/v1/ping → 200 (0.2ms)
2026-05-19 08:47:28 | INFO | backend.api.main - GET /api/v1/ping → 200 (0.4ms)
2026-05-19 08:47:58 | INFO | backend.api.main - GET /api/v1/ping → 200 (0.3ms)
2026-05-19 08:48:28 | INFO | backend.api.main - GET /api/v1/ping → 200 (0.3ms)
2026-05-19 08:48:58 | INFO | backend.api.main - GET /api/v1/ping → 200 (0.3ms)
2026-05-19 08:49:28 | INFO | backend.api.main - GET /api/v1/ping → 200 (0.2ms)
2026-05-19 08:49:58 | INFO | backend.api.main - GET /api/v1/ping → 200 (0.2ms)
2026-05-19 08:50:28 | INFO | backend.api.main - GET /api/v1/ping → 200 (0.2ms)
2026-05-19 08:50:59 | INFO | backend.api.main - GET /api/v1/ping → 200 (0.3ms)
2026-05-19 08:51:29 | INFO | backend.api.main - GET /api/v1/ping → 200 (0.8ms)
2026-05-19 08:51:59 | INFO | backend.api.main - GET /api/v1/ping → 200 (0.2ms)
2026-05-19 08:52:29 | INFO | backend.api.main - GET /api/v1/ping → 200 (0.3ms)
2026-05-19 08:52:59 | INFO | backend.api.main - GET /api/v1/ping → 200 (0.3ms)
2026-05-19 08:53:29 | INFO | backend.api.main - GET /api/v1/ping → 200 (0.4ms)
2026-05-19 08:53:59 | INFO | backend.api.main - GET /api/v1/ping → 200 (0.4ms)
2026-05-19 08:54:29 | INFO | backend.api.main - GET /api/v1/ping → 200 (0.4ms)
2026-05-19 08:54:59 | INFO | backend.api.main - GET /api/v1/ping → 200 (0.6ms)
2026-05-19 08:55:29 | INFO | backend.api.main - GET /api/v1/ping → 200 (0.2ms)
2026-05-19 08:55:59 | INFO | backend.api.main - GET /api/v1/ping → 200 (0.4ms)
2026-05-19 08:56:29 | INFO | backend.api.main - GET /api/v1/ping → 200 (0.2ms)
2026-05-19 08:56:59 | INFO | backend.api.main - GET /api/v1/ping → 200 (0.2ms)
2026-05-19 08:57:29 | INFO | backend.api.main - GET /api/v1/ping → 200 (0.2ms)
2026-05-19 08:57:59 | INFO | backend.api.main - GET /api/v1/ping → 200 (0.2ms)
2026-05-19 08:58:30 | INFO | backend.api.main - GET /api/v1/ping → 200 (0.3ms)
2026-05-19 08:59:00 | INFO | backend.api.main - GET /api/v1/ping → 200 (0.2ms)
2026-05-19 08:59:30 | INFO | backend.api.main - GET /api/v1/ping → 200 (0.4ms)
2026-05-19 09:00:00 | INFO | backend.api.main - GET /api/v1/ping → 200 (0.2ms)
2026-05-19 09:00:30 | INFO | backend.api.main - GET /api/v1/ping → 200 (0.4ms)
2026-05-19 09:01:00 | INFO | backend.api.main - GET /api/v1/ping → 200 (0.2ms)
2026-05-19 09:01:30 | INFO | backend.api.main - GET /api/v1/ping → 200 (0.3ms)
2026-05-19 09:02:00 | INFO | backend.api.main - GET /api/v1/ping → 200 (0.4ms)
2026-05-19 09:02:30 | INFO | backend.api.main - GET /api/v1/ping → 200 (0.7ms)
2026-05-19 09:03:00 | INFO | backend.api.main - GET /api/v1/ping → 200 (0.3ms)
2026-05-19 09:03:30 | INFO | backend.api.main - GET /api/v1/ping → 200 (0.4ms)
2026-05-19 09:04:00 | INFO | backend.api.main - GET /api/v1/ping → 200 (0.4ms)
2026-05-19 09:04:30 | INFO | backend.api.main - GET /api/v1/ping → 200 (0.2ms)
2026-05-19 09:05:00 | INFO | backend.api.main - GET /api/v1/ping → 200 (0.2ms)
2026-05-19 09:05:30 | INFO | backend.api.main - GET /api/v1/ping → 200 (0.4ms)
2026-05-19 09:06:01 | INFO | backend.api.main - GET /api/v1/ping → 200 (0.4ms)
2026-05-19 09:06:31 | INFO | backend.api.main - GET /api/v1/ping → 200 (0.3ms)
2026-05-19 09:07:01 | INFO | backend.api.main - GET /api/v1/ping → 200 (0.3ms)
2026-05-19 09:07:31 | INFO | backend.api.main - GET /api/v1/ping → 200 (0.3ms)
2026-05-19 09:08:01 | INFO | backend.api.main - GET /api/v1/ping → 200 (0.2ms)
2026-05-19 09:08:31 | INFO | backend.api.main - GET /api/v1/ping → 200 (0.2ms)
2026-05-19 09:09:01 | INFO | backend.api.main - GET /api/v1/ping → 200 (0.2ms)
2026-05-19 09:09:31 | INFO | backend.api.main - GET /api/v1/ping → 200 (0.2ms)
2026-05-19 09:10:01 | INFO | backend.api.main - GET /api/v1/ping → 200 (0.3ms)
2026-05-19 09:10:31 | INFO | backend.api.main - GET /api/v1/ping → 200 (0.4ms)
2026-05-19 09:11:01 | INFO | backend.api.main - GET /api/v1/ping → 200 (0.3ms)
2026-05-19 09:11:31 | INFO | backend.api.main - GET /api/v1/ping → 200 (0.4ms)
2026-05-19 09:12:01 | INFO | backend.api.main - GET /api/v1/ping → 200 (0.4ms)
2026-05-19 09:12:31 | INFO | backend.api.main - GET /api/v1/ping → 200 (0.4ms)
2026-05-19 09:13:02 | INFO | backend.api.main - GET /api/v1/ping → 200 (0.2ms)
2026-05-19 09:13:32 | INFO | backend.api.main - GET /api/v1/ping → 200 (0.7ms)
2026-05-19 09:14:02 | INFO | backend.api.main - GET /api/v1/ping → 200 (0.3ms)
2026-05-19 09:14:32 | INFO | backend.api.main - GET /api/v1/ping → 200 (0.2ms)
2026-05-19 09:15:02 | INFO | backend.api.main - GET /api/v1/ping → 200 (0.3ms)
2026-05-19 09:15:32 | INFO | backend.api.main - GET /api/v1/ping → 200 (0.2ms)
2026-05-19 09:16:02 | INFO | backend.api.main - GET /api/v1/ping → 200 (0.2ms)
2026-05-19 09:16:32 | INFO | backend.api.main - GET /api/v1/ping → 200 (0.2ms)
2026-05-19 09:17:02 | INFO | backend.api.main - GET /api/v1/ping → 200 (0.2ms)
2026-05-19 09:17:32 | INFO | backend.api.main - GET /api/v1/ping → 200 (0.3ms)
2026-05-19 09:18:02 | INFO | backend.api.main - GET /api/v1/ping → 200 (0.2ms)
2026-05-19 09:18:32 | INFO | backend.api.main - GET /api/v1/ping → 200 (0.4ms)
2026-05-19 09:19:02 | INFO | backend.api.main - GET /api/v1/ping → 200 (0.2ms)
2026-05-19 09:19:32 | INFO | backend.api.main - GET /api/v1/ping → 200 (0.4ms)
2026-05-19 09:20:02 | INFO | backend.api.main - GET /api/v1/ping → 200 (0.3ms)
2026-05-19 09:20:33 | INFO | backend.api.main - GET /api/v1/ping → 200 (0.2ms)
2026-05-19 09:21:18 | INFO | backend.api.main - GET /api/v1/ping → 200 (0.2ms)
2026-05-19 09:21:48 | INFO | backend.api.main - GET /api/v1/ping → 200 (0.2ms)
2026-05-19 09:22:21 | INFO | backend.api.main - GET /api/v1/ping → 200 (0.4ms)
2026-05-19 09:22:51 | INFO | backend.api.main - GET /api/v1/ping → 200 (0.4ms)
2026-05-19 09:23:23 | INFO | backend.api.main - GET /api/v1/ping → 200 (0.2ms)
2026-05-19 09:23:56 | INFO | backend.api.main - GET /api/v1/ping → 200 (0.2ms)
2026-05-19 09:24:26 | INFO | backend.api.main - GET /api/v1/ping → 200 (0.3ms)
2026-05-19 09:24:58 | INFO | backend.api.main - GET /api/v1/ping → 200 (0.4ms)
2026-05-19 09:25:31 | INFO | backend.api.main - GET /api/v1/ping → 200 (0.4ms)
2026-05-19 09:26:01 | INFO | backend.api.main - GET /api/v1/ping → 200 (0.2ms)
2026-05-19 09:26:33 | INFO | backend.api.main - GET /api/v1/ping → 200 (0.4ms)
2026-05-19 09:27:06 | INFO | backend.api.main - GET /api/v1/ping → 200 (0.3ms)
2026-05-19 09:27:36 | INFO | backend.api.main - GET /api/v1/ping → 200 (0.4ms)
2026-05-19 09:28:08 | INFO | backend.api.main - GET /api/v1/ping → 200 (0.3ms)
2026-05-19 09:28:38 | INFO | backend.api.main - GET /api/v1/ping → 200 (0.4ms)
2026-05-19 09:29:11 | INFO | backend.api.main - GET /api/v1/ping → 200 (0.3ms)
2026-05-19 09:29:43 | INFO | backend.api.main - GET /api/v1/ping → 200 (0.4ms)
2026-05-19 09:30:13 | INFO | backend.api.main - GET /api/v1/ping → 200 (0.4ms)
2026-05-19 09:30:46 | INFO | backend.api.main - GET /api/v1/ping → 200 (0.3ms)
2026-05-19 09:35:27 | INFO | backend.api.main - GET /api/v1/ping → 200 (0.4ms)
2026-05-19 09:35:57 | INFO | backend.api.main - GET /api/v1/ping → 200 (0.4ms)
2026-05-19 10:53:57 | INFO | backend.api.main - GET /api/v1/ping → 200 (0.2ms)
2026-05-19 10:54:27 | INFO | backend.api.main - GET /api/v1/ping → 200 (0.3ms)
2026-05-19 10:54:57 | INFO | backend.api.main - GET /api/v1/ping → 200 (0.3ms)
2026-05-19 10:55:27 | INFO | backend.api.main - GET /api/v1/ping → 200 (0.3ms)
2026-05-19 10:55:57 | INFO | backend.api.main - GET /api/v1/ping → 200 (0.4ms)
2026-05-19 10:56:27 | INFO | backend.api.main - GET /api/v1/ping → 200 (0.2ms)
2026-05-19 10:56:57 | INFO | backend.api.main - GET /api/v1/ping → 200 (0.2ms)
2026-05-19 10:57:27 | INFO | backend.api.main - GET /api/v1/ping → 200 (0.2ms)
2026-05-19 10:57:57 | INFO | backend.api.main - GET /api/v1/ping → 200 (0.4ms)
2026-05-19 10:58:28 | INFO | backend.api.main - GET /api/v1/ping → 200 (0.2ms)
2026-05-19 10:58:58 | INFO | backend.api.main - GET /api/v1/ping → 200 (0.3ms)
2026-05-19 10:59:28 | INFO | backend.api.main - GET /api/v1/ping → 200 (0.4ms)
2026-05-19 10:59:58 | INFO | backend.api.main - GET /api/v1/ping → 200 (0.2ms)
2026-05-19 11:00:28 | INFO | backend.api.main - GET /api/v1/ping → 200 (0.2ms)
2026-05-19 11:00:58 | INFO | backend.api.main - GET /api/v1/ping → 200 (0.4ms)
2026-05-19 11:01:28 | INFO | backend.api.main - GET /api/v1/ping → 200 (0.4ms)
2026-05-19 11:01:58 | INFO | backend.api.main - GET /api/v1/ping → 200 (0.2ms)
2026-05-19 11:02:28 | INFO | backend.api.main - GET /api/v1/ping → 200 (0.3ms)
2026-05-19 11:02:58 | INFO | backend.api.main - GET /api/v1/ping → 200 (0.3ms)
2026-05-19 11:03:28 | INFO | backend.api.main - GET /api/v1/ping → 200 (0.4ms)
2026-05-19 11:03:58 | INFO | backend.api.main - GET /api/v1/ping → 200 (0.3ms)
2026-05-19 11:04:28 | INFO | backend.api.main - GET /api/v1/ping → 200 (0.2ms)
2026-05-19 11:04:58 | INFO | backend.api.main - GET /api/v1/ping → 200 (0.3ms)
2026-05-19 11:05:28 | INFO | backend.api.main - GET /api/v1/ping → 200 (0.2ms)
2026-05-19 11:05:59 | INFO | backend.api.main - GET /api/v1/ping → 200 (0.4ms)
2026-05-19 11:06:29 | INFO | backend.api.main - GET /api/v1/ping → 200 (0.2ms)
2026-05-19 11:06:59 | INFO | backend.api.main - GET /api/v1/ping → 200 (0.2ms)
2026-05-19 11:07:29 | INFO | backend.api.main - GET /api/v1/ping → 200 (0.2ms)
2026-05-19 11:07:59 | INFO | backend.api.main - GET /api/v1/ping → 200 (0.2ms)
2026-05-19 11:08:29 | INFO | backend.api.main - GET /api/v1/ping → 200 (0.2ms)
2026-05-19 11:08:59 | INFO | backend.api.main - GET /api/v1/ping → 200 (0.8ms)
2026-05-19 11:09:29 | INFO | backend.api.main - GET /api/v1/ping → 200 (0.3ms)
2026-05-19 11:09:59 | INFO | backend.api.main - GET /api/v1/ping → 200 (0.3ms)
2026-05-19 11:10:29 | INFO | backend.api.main - GET /api/v1/ping → 200 (0.4ms)
2026-05-19 11:10:59 | INFO | backend.api.main - GET /api/v1/ping → 200 (0.4ms)
2026-05-19 11:11:29 | INFO | backend.api.main - GET /api/v1/ping → 200 (0.3ms)
2026-05-19 11:11:59 | INFO | backend.api.main - GET /api/v1/ping → 200 (0.3ms)
2026-05-19 11:12:29 | INFO | backend.api.main - GET /api/v1/ping → 200 (0.2ms)
2026-05-19 11:12:59 | INFO | backend.api.main - GET /api/v1/ping → 200 (0.2ms)
2026-05-19 11:13:30 | INFO | backend.api.main - GET /api/v1/ping → 200 (0.3ms)
2026-05-19 11:14:00 | INFO | backend.api.main - GET /api/v1/ping → 200 (0.3ms)
2026-05-19 11:26:48 | INFO | backend.api.main - 🚀 AI Currency Detection & Voice Assistant v2.0.0 starting on device=cpu
2026-05-19 11:26:48 | INFO | backend.detection.detect_image - YOLO model loaded from 'models/checkpoints/best.pt' on device='cpu'
2026-05-19 11:26:48 | INFO | backend.api.main - ✅ Model pre-loaded successfully.
2026-05-19 11:26:51 | INFO | backend.api.main - GET /api/v1/ping → 200 (0.4ms)
2026-05-19 11:26:59 | INFO | backend.api.main - GET /api/v1/ping → 200 (0.2ms)
2026-05-20 04:09:46 | INFO | backend.api.main - 🚀 AI Currency Detection & Voice Assistant v2.0.0 starting on device=cpu
2026-05-20 04:09:46 | INFO | backend.detection.detect_image - YOLO model loaded from 'models/checkpoints/best.pt' on device='cpu'
2026-05-20 04:09:46 | INFO | backend.api.main - ✅ Model pre-loaded successfully.
2026-05-20 04:09:48 | INFO | backend.api.main - GET /api/v1/ping → 200 (0.4ms)
2026-05-20 04:10:18 | INFO | backend.api.main - GET /api/v1/ping → 200 (0.3ms)
2026-05-20 05:03:55 | INFO | backend.api.main - 🚀 AI Currency Detection & Voice Assistant v2.0.0 starting on device=cpu
2026-05-20 05:03:55 | INFO | backend.detection.detect_image - YOLO model loaded from 'models/checkpoints/best.pt' on device='cpu'
2026-05-20 05:03:55 | INFO | backend.api.main - ✅ Model pre-loaded successfully.
2026-05-20 05:03:58 | INFO | backend.api.main - GET /api/v1/ping → 200 (0.4ms)
2026-05-20 05:04:28 | INFO | backend.api.main - GET /api/v1/ping → 200 (0.2ms)
2026-05-20 05:04:58 | INFO | backend.api.main - GET /api/v1/ping → 200 (0.2ms)
2026-05-20 05:05:28 | INFO | backend.api.main - GET /api/v1/ping → 200 (0.5ms)
2026-05-20 05:05:58 | INFO | backend.api.main - GET /api/v1/ping → 200 (0.4ms)
2026-05-20 05:06:28 | INFO | backend.api.main - GET /api/v1/ping → 200 (0.4ms)
2026-05-20 05:06:58 | INFO | backend.api.main - GET /api/v1/ping → 200 (0.2ms)
2026-05-20 05:07:28 | INFO | backend.api.main - GET /api/v1/ping → 200 (0.5ms)
2026-05-20 05:07:58 | INFO | backend.api.main - GET /api/v1/ping → 200 (0.3ms)
2026-05-20 05:08:28 | INFO | backend.api.main - GET /api/v1/ping → 200 (1.4ms)
2026-05-20 05:08:58 | INFO | backend.api.main - GET /api/v1/ping → 200 (0.2ms)
2026-05-20 05:09:28 | INFO | backend.api.main - GET /api/v1/ping → 200 (0.3ms)
2026-05-20 05:09:58 | INFO | backend.api.main - GET /api/v1/ping → 200 (0.4ms)
2026-05-20 05:10:28 | INFO | backend.api.main - GET /api/v1/ping → 200 (0.3ms)
2026-05-20 05:10:58 | INFO | backend.api.main - GET /api/v1/ping → 200 (0.3ms)
2026-05-20 05:11:11 | INFO | backend.api.main - GET /api/v1/ping → 200 (0.2ms)
